Flow report for dragonfang_v3
Sun May 29 21:10:07 2022
Quartus Prime Version 21.1.0 Build 842 10/21/2021 SJ Lite Edition


---------------------
; Table of Contents ;
---------------------
  1. Legal Notice
  2. Flow Summary
  3. Flow Settings
  4. Flow Non-Default Global Settings
  5. Flow Elapsed Time
  6. Flow OS Summary
  7. Flow Log
  8. Flow Messages
  9. Flow Suppressed Messages



----------------
; Legal Notice ;
----------------
Copyright (C) 2021  Intel Corporation. All rights reserved.
Your use of Intel Corporation's design tools, logic functions 
and other software and tools, and any partner logic 
functions, and any output files from any of the foregoing 
(including device programming or simulation files), and any 
associated documentation or information are expressly subject 
to the terms and conditions of the Intel Program License 
Subscription Agreement, the Intel Quartus Prime License Agreement,
the Intel FPGA IP License Agreement, or other applicable license
agreement, including, without limitation, that your use is for
the sole purpose of programming logic devices manufactured by
Intel and sold by Intel or its authorized distributors.  Please
refer to the applicable agreement for further details, at
https://fpgasoftware.intel.com/eula.



+----------------------------------------------------------------------------------+
; Flow Summary                                                                     ;
+------------------------------------+---------------------------------------------+
; Flow Status                        ; Successful - Sun May 29 21:10:07 2022       ;
; Quartus Prime Version              ; 21.1.0 Build 842 10/21/2021 SJ Lite Edition ;
; Revision Name                      ; dragonfang_v3                               ;
; Top-level Entity Name              ; vector_extension_unit                       ;
; Family                             ; Cyclone IV E                                ;
; Device                             ; EP4CE115F29C7                               ;
; Timing Models                      ; Final                                       ;
; Total logic elements               ; 487                                         ;
;     Total combinational functions  ; 487                                         ;
;     Dedicated logic registers      ; 0                                           ;
; Total registers                    ; 0                                           ;
; Total pins                         ; 614                                         ;
; Total virtual pins                 ; 0                                           ;
; Total memory bits                  ; 0                                           ;
; Embedded Multiplier 9-bit elements ; 0                                           ;
; Total PLLs                         ; 0                                           ;
+------------------------------------+---------------------------------------------+


+-----------------------------------------+
; Flow Settings                           ;
+-------------------+---------------------+
; Option            ; Setting             ;
+-------------------+---------------------+
; Start date & time ; 05/29/2022 21:09:57 ;
; Main task         ; Compilation         ;
; Revision Name     ; dragonfang_v3       ;
+-------------------+---------------------+


+-------------------------------------------------------------------------------------------------------------------------------------------------------------------------------------------------+
; Flow Non-Default Global Settings                                                                                                                                                                ;
+----------------------------------------+-----------------------------------------------------------------+---------------+-----------------------+----------------------------------------------+
; Assignment Name                        ; Value                                                           ; Default Value ; Entity Name           ; Section Id                                   ;
+----------------------------------------+-----------------------------------------------------------------+---------------+-----------------------+----------------------------------------------+
; COMPILER_SIGNATURE_ID                  ; 929355141054.165387659701268                                    ; --            ; --                    ; --                                           ;
; EDA_DESIGN_INSTANCE_NAME               ; NA                                                              ; --            ; --                    ; vector_write_back_tb                         ;
; EDA_DESIGN_INSTANCE_NAME               ; NA                                                              ; --            ; --                    ; vector_minmax_unit_tb                        ;
; EDA_DESIGN_INSTANCE_NAME               ; NA                                                              ; --            ; --                    ; vector_floating_point_square_root_unit_tb    ;
; EDA_DESIGN_INSTANCE_NAME               ; NA                                                              ; --            ; --                    ; vector_division_unit_tb                      ;
; EDA_DESIGN_INSTANCE_NAME               ; NA                                                              ; --            ; --                    ; vector_floating_point_divide_unit_tb         ;
; EDA_DESIGN_INSTANCE_NAME               ; NA                                                              ; --            ; --                    ; vector_extension_unit_tb                     ;
; EDA_DESIGN_INSTANCE_NAME               ; NA                                                              ; --            ; --                    ; vector_multiply_add_unit_tb                  ;
; EDA_DESIGN_INSTANCE_NAME               ; NA                                                              ; --            ; --                    ; vector_register_read_tb                      ;
; EDA_DESIGN_INSTANCE_NAME               ; NA                                                              ; --            ; --                    ; vector_multiply_unit_tb                      ;
; EDA_DESIGN_INSTANCE_NAME               ; NA                                                              ; --            ; --                    ; vector_floating_point_add_unit_tb            ;
; EDA_DESIGN_INSTANCE_NAME               ; NA                                                              ; --            ; --                    ; vector_conversion_unit_tb                    ;
; EDA_DESIGN_INSTANCE_NAME               ; NA                                                              ; --            ; --                    ; vector_floating_point_multiply_add_unit_tb   ;
; EDA_DESIGN_INSTANCE_NAME               ; NA                                                              ; --            ; --                    ; vector_classify_unit_tb                      ;
; EDA_DESIGN_INSTANCE_NAME               ; NA                                                              ; --            ; --                    ; vector_floating_point_comparison_unit_tb     ;
; EDA_DESIGN_INSTANCE_NAME               ; NA                                                              ; --            ; --                    ; vector_comparison_unit_tb                    ;
; EDA_DESIGN_INSTANCE_NAME               ; NA                                                              ; --            ; --                    ; vector_merge_unit_tb                         ;
; EDA_DESIGN_INSTANCE_NAME               ; NA                                                              ; --            ; --                    ; vector_floating_point_multiply_unit_tb       ;
; EDA_DESIGN_INSTANCE_NAME               ; NA                                                              ; --            ; --                    ; vector_shift_unit_tb                         ;
; EDA_DESIGN_INSTANCE_NAME               ; NA                                                              ; --            ; --                    ; vector_add_unit_tb                           ;
; EDA_DESIGN_INSTANCE_NAME               ; NA                                                              ; --            ; --                    ; vector_floating_point_merge_unit_tb          ;
; EDA_DESIGN_INSTANCE_NAME               ; NA                                                              ; --            ; --                    ; vector_floating_point_sign_injection_unit_tb ;
; EDA_DESIGN_INSTANCE_NAME               ; NA                                                              ; --            ; --                    ; vector_floating_point_minmax_unit_tb         ;
; EDA_DESIGN_INSTANCE_NAME               ; NA                                                              ; --            ; --                    ; vector_logic_unit_tb                         ;
; EDA_GENERATE_FUNCTIONAL_NETLIST        ; Off                                                             ; --            ; --                    ; eda_board_design_timing                      ;
; EDA_GENERATE_FUNCTIONAL_NETLIST        ; Off                                                             ; --            ; --                    ; eda_board_design_boundary_scan               ;
; EDA_GENERATE_FUNCTIONAL_NETLIST        ; Off                                                             ; --            ; --                    ; eda_board_design_signal_integrity            ;
; EDA_GENERATE_FUNCTIONAL_NETLIST        ; Off                                                             ; --            ; --                    ; eda_board_design_symbol                      ;
; EDA_NATIVELINK_SIMULATION_SETUP_SCRIPT ; sim/do_files/vector_extension_unit                              ; --            ; --                    ; eda_simulation                               ;
; EDA_NATIVELINK_SIMULATION_TEST_BENCH   ; vector_extension_unit_tb                                        ; --            ; --                    ; eda_simulation                               ;
; EDA_OUTPUT_DATA_FORMAT                 ; Systemverilog Hdl                                               ; --            ; --                    ; eda_simulation                               ;
; EDA_SIMULATION_TOOL                    ; Questa Intel FPGA (SystemVerilog)                               ; <None>        ; --                    ; --                                           ;
; EDA_TEST_BENCH_ENABLE_STATUS           ; TEST_BENCH_MODE                                                 ; --            ; --                    ; eda_simulation                               ;
; EDA_TEST_BENCH_FILE                    ; sim/testbenches/vector_write_back_tb.sv                         ; --            ; --                    ; vector_write_back_tb                         ;
; EDA_TEST_BENCH_FILE                    ; sim/testbenches/vector_minmax_unit_tb.sv                        ; --            ; --                    ; vector_minmax_unit_tb                        ;
; EDA_TEST_BENCH_FILE                    ; sim/testbenches/vector_floating_point_square_root_unit_tb.sv    ; --            ; --                    ; vector_floating_point_square_root_unit_tb    ;
; EDA_TEST_BENCH_FILE                    ; sim/testbenches/vector_division_unit_tb.sv                      ; --            ; --                    ; vector_division_unit_tb                      ;
; EDA_TEST_BENCH_FILE                    ; sim/testbenches/vector_floating_point_divide_unit_tb.sv         ; --            ; --                    ; vector_floating_point_divide_unit_tb         ;
; EDA_TEST_BENCH_FILE                    ; sim/testbenches/vector_extension_unit_tb.sv                     ; --            ; --                    ; vector_extension_unit_tb                     ;
; EDA_TEST_BENCH_FILE                    ; sim/testbenches/vector_multiply_add_unit_tb.sv                  ; --            ; --                    ; vector_multiply_add_unit_tb                  ;
; EDA_TEST_BENCH_FILE                    ; sim/testbenches/vector_register_read_tb.sv                      ; --            ; --                    ; vector_register_read_tb                      ;
; EDA_TEST_BENCH_FILE                    ; sim/testbenches/vector_multiply_unit_tb.sv                      ; --            ; --                    ; vector_multiply_unit_tb                      ;
; EDA_TEST_BENCH_FILE                    ; sim/testbenches/vector_floating_point_add_unit_tb.sv            ; --            ; --                    ; vector_floating_point_add_unit_tb            ;
; EDA_TEST_BENCH_FILE                    ; sim/testbenches/vector_conversion_unit_tb.sv                    ; --            ; --                    ; vector_conversion_unit_tb                    ;
; EDA_TEST_BENCH_FILE                    ; sim/testbenches/vector_floating_point_multiply_add_unit_tb.sv   ; --            ; --                    ; vector_floating_point_multiply_add_unit_tb   ;
; EDA_TEST_BENCH_FILE                    ; sim/testbenches/vector_classify_unit_tb.sv                      ; --            ; --                    ; vector_classify_unit_tb                      ;
; EDA_TEST_BENCH_FILE                    ; sim/testbenches/vector_floating_point_comparison_unit_tb.sv     ; --            ; --                    ; vector_floating_point_comparison_unit_tb     ;
; EDA_TEST_BENCH_FILE                    ; sim/testbenches/vector_comparison_unit_tb.sv                    ; --            ; --                    ; vector_comparison_unit_tb                    ;
; EDA_TEST_BENCH_FILE                    ; sim/testbenches/vector_merge_unit_tb.sv                         ; --            ; --                    ; vector_merge_unit_tb                         ;
; EDA_TEST_BENCH_FILE                    ; sim/testbenches/vector_floating_point_multiply_unit_tb.sv       ; --            ; --                    ; vector_floating_point_multiply_unit_tb       ;
; EDA_TEST_BENCH_FILE                    ; sim/testbenches/vector_shift_unit_tb.sv                         ; --            ; --                    ; vector_shift_unit_tb                         ;
; EDA_TEST_BENCH_FILE                    ; sim/testbenches/vector_add_unit_tb.sv                           ; --            ; --                    ; vector_add_unit_tb                           ;
; EDA_TEST_BENCH_FILE                    ; sim/testbenches/vector_floating_point_merge_unit_tb.sv          ; --            ; --                    ; vector_floating_point_merge_unit_tb          ;
; EDA_TEST_BENCH_FILE                    ; sim/testbenches/vector_floating_point_sign_injection_unit_tb.sv ; --            ; --                    ; vector_floating_point_sign_injection_unit_tb ;
; EDA_TEST_BENCH_FILE                    ; sim/testbenches/vector_floating_point_minmax_unit_tb.sv         ; --            ; --                    ; vector_floating_point_minmax_unit_tb         ;
; EDA_TEST_BENCH_FILE                    ; sim/testbenches/vector_logic_unit_tb.sv                         ; --            ; --                    ; vector_logic_unit_tb                         ;
; EDA_TEST_BENCH_MODULE_NAME             ; vector_write_back_tb                                            ; --            ; --                    ; vector_write_back_tb                         ;
; EDA_TEST_BENCH_MODULE_NAME             ; vector_minmax_unit_tb                                           ; --            ; --                    ; vector_minmax_unit_tb                        ;
; EDA_TEST_BENCH_MODULE_NAME             ; vector_floating_point_square_root_unit_tb                       ; --            ; --                    ; vector_floating_point_square_root_unit_tb    ;
; EDA_TEST_BENCH_MODULE_NAME             ; vector_division_unit_tb                                         ; --            ; --                    ; vector_division_unit_tb                      ;
; EDA_TEST_BENCH_MODULE_NAME             ; vector_floating_point_divide_unit_tb                            ; --            ; --                    ; vector_floating_point_divide_unit_tb         ;
; EDA_TEST_BENCH_MODULE_NAME             ; vector_extension_unit_tb                                        ; --            ; --                    ; vector_extension_unit_tb                     ;
; EDA_TEST_BENCH_MODULE_NAME             ; vector_multiply_add_unit_tb                                     ; --            ; --                    ; vector_multiply_add_unit_tb                  ;
; EDA_TEST_BENCH_MODULE_NAME             ; vector_register_read_tb                                         ; --            ; --                    ; vector_register_read_tb                      ;
; EDA_TEST_BENCH_MODULE_NAME             ; vector_multiply_unit_tb                                         ; --            ; --                    ; vector_multiply_unit_tb                      ;
; EDA_TEST_BENCH_MODULE_NAME             ; vector_floating_point_add_unit_tb                               ; --            ; --                    ; vector_floating_point_add_unit_tb            ;
; EDA_TEST_BENCH_MODULE_NAME             ; vector_conversion_unit_tb                                       ; --            ; --                    ; vector_conversion_unit_tb                    ;
; EDA_TEST_BENCH_MODULE_NAME             ; vector_floating_point_multiply_add_unit_tb                      ; --            ; --                    ; vector_floating_point_multiply_add_unit_tb   ;
; EDA_TEST_BENCH_MODULE_NAME             ; vector_classify_unit_tb                                         ; --            ; --                    ; vector_classify_unit_tb                      ;
; EDA_TEST_BENCH_MODULE_NAME             ; vector_floating_point_comparison_unit_tb                        ; --            ; --                    ; vector_floating_point_comparison_unit_tb     ;
; EDA_TEST_BENCH_MODULE_NAME             ; vector_comparison_unit_tb                                       ; --            ; --                    ; vector_comparison_unit_tb                    ;
; EDA_TEST_BENCH_MODULE_NAME             ; vector_merge_unit_tb                                            ; --            ; --                    ; vector_merge_unit_tb                         ;
; EDA_TEST_BENCH_MODULE_NAME             ; vector_floating_point_multiply_unit_tb                          ; --            ; --                    ; vector_floating_point_multiply_unit_tb       ;
; EDA_TEST_BENCH_MODULE_NAME             ; vector_shift_unit_tb                                            ; --            ; --                    ; vector_shift_unit_tb                         ;
; EDA_TEST_BENCH_MODULE_NAME             ; vector_add_unit_tb                                              ; --            ; --                    ; vector_add_unit_tb                           ;
; EDA_TEST_BENCH_MODULE_NAME             ; vector_floating_point_merge_unit_tb                             ; --            ; --                    ; vector_floating_point_merge_unit_tb          ;
; EDA_TEST_BENCH_MODULE_NAME             ; vector_floating_point_sign_injection_unit_tb                    ; --            ; --                    ; vector_floating_point_sign_injection_unit_tb ;
; EDA_TEST_BENCH_MODULE_NAME             ; vector_floating_point_minmax_unit_tb                            ; --            ; --                    ; vector_floating_point_minmax_unit_tb         ;
; EDA_TEST_BENCH_MODULE_NAME             ; vector_logic_unit_tb                                            ; --            ; --                    ; vector_logic_unit_tb                         ;
; EDA_TEST_BENCH_NAME                    ; vector_register_read_tb                                         ; --            ; --                    ; eda_simulation                               ;
; EDA_TEST_BENCH_NAME                    ; vector_write_back_tb                                            ; --            ; --                    ; eda_simulation                               ;
; EDA_TEST_BENCH_NAME                    ; vector_logic_unit_tb                                            ; --            ; --                    ; eda_simulation                               ;
; EDA_TEST_BENCH_NAME                    ; vector_shift_unit_tb                                            ; --            ; --                    ; eda_simulation                               ;
; EDA_TEST_BENCH_NAME                    ; vector_multiply_add_unit_tb                                     ; --            ; --                    ; eda_simulation                               ;
; EDA_TEST_BENCH_NAME                    ; vector_multiply_unit_tb                                         ; --            ; --                    ; eda_simulation                               ;
; EDA_TEST_BENCH_NAME                    ; vector_minmax_unit_tb                                           ; --            ; --                    ; eda_simulation                               ;
; EDA_TEST_BENCH_NAME                    ; vector_merge_unit_tb                                            ; --            ; --                    ; eda_simulation                               ;
; EDA_TEST_BENCH_NAME                    ; vector_add_unit_tb                                              ; --            ; --                    ; eda_simulation                               ;
; EDA_TEST_BENCH_NAME                    ; vector_comparison_unit_tb                                       ; --            ; --                    ; eda_simulation                               ;
; EDA_TEST_BENCH_NAME                    ; vector_division_unit_tb                                         ; --            ; --                    ; eda_simulation                               ;
; EDA_TEST_BENCH_NAME                    ; vector_extension_unit_tb                                        ; --            ; --                    ; eda_simulation                               ;
; EDA_TEST_BENCH_NAME                    ; vector_floating_point_square_root_unit_tb                       ; --            ; --                    ; eda_simulation                               ;
; EDA_TEST_BENCH_NAME                    ; vector_floating_point_sign_injection_unit_tb                    ; --            ; --                    ; eda_simulation                               ;
; EDA_TEST_BENCH_NAME                    ; vector_floating_point_multiply_unit_tb                          ; --            ; --                    ; eda_simulation                               ;
; EDA_TEST_BENCH_NAME                    ; vector_floating_point_multiply_add_unit_tb                      ; --            ; --                    ; eda_simulation                               ;
; EDA_TEST_BENCH_NAME                    ; vector_floating_point_minmax_unit_tb                            ; --            ; --                    ; eda_simulation                               ;
; EDA_TEST_BENCH_NAME                    ; vector_floating_point_merge_unit_tb                             ; --            ; --                    ; eda_simulation                               ;
; EDA_TEST_BENCH_NAME                    ; vector_floating_point_divide_unit_tb                            ; --            ; --                    ; eda_simulation                               ;
; EDA_TEST_BENCH_NAME                    ; vector_floating_point_comparison_unit_tb                        ; --            ; --                    ; eda_simulation                               ;
; EDA_TEST_BENCH_NAME                    ; vector_floating_point_add_unit_tb                               ; --            ; --                    ; eda_simulation                               ;
; EDA_TEST_BENCH_NAME                    ; vector_classify_unit_tb                                         ; --            ; --                    ; eda_simulation                               ;
; EDA_TEST_BENCH_NAME                    ; vector_conversion_unit_tb                                       ; --            ; --                    ; eda_simulation                               ;
; EDA_TIME_SCALE                         ; 1 ps                                                            ; --            ; --                    ; eda_simulation                               ;
; MAX_CORE_JUNCTION_TEMP                 ; 85                                                              ; --            ; --                    ; --                                           ;
; MIN_CORE_JUNCTION_TEMP                 ; 0                                                               ; --            ; --                    ; --                                           ;
; NOMINAL_CORE_SUPPLY_VOLTAGE            ; 1.2V                                                            ; --            ; --                    ; --                                           ;
; NUM_PARALLEL_PROCESSORS                ; All                                                             ; --            ; --                    ; --                                           ;
; PARTITION_COLOR                        ; -- (Not supported for targeted family)                          ; --            ; vector_extension_unit ; Top                                          ;
; PARTITION_FITTER_PRESERVATION_LEVEL    ; -- (Not supported for targeted family)                          ; --            ; vector_extension_unit ; Top                                          ;
; PARTITION_NETLIST_TYPE                 ; -- (Not supported for targeted family)                          ; --            ; vector_extension_unit ; Top                                          ;
; POWER_BOARD_THERMAL_MODEL              ; None (CONSERVATIVE)                                             ; --            ; --                    ; --                                           ;
; POWER_PRESET_COOLING_SOLUTION          ; 23 MM HEAT SINK WITH 200 LFPM AIRFLOW                           ; --            ; --                    ; --                                           ;
; PROJECT_OUTPUT_DIRECTORY               ; output_files                                                    ; --            ; --                    ; --                                           ;
; TOP_LEVEL_ENTITY                       ; vector_extension_unit                                           ; dragonfang_v3 ; --                    ; --                                           ;
; VERILOG_INPUT_VERSION                  ; SystemVerilog_2005                                              ; Verilog_2001  ; --                    ; --                                           ;
; VERILOG_SHOW_LMF_MAPPING_MESSAGES      ; Off                                                             ; --            ; --                    ; --                                           ;
+----------------------------------------+-----------------------------------------------------------------+---------------+-----------------------+----------------------------------------------+


+--------------------------------------------------------------------------------------------------------------------------+
; Flow Elapsed Time                                                                                                        ;
+----------------------+--------------+-------------------------+---------------------+------------------------------------+
; Module Name          ; Elapsed Time ; Average Processors Used ; Peak Virtual Memory ; Total CPU Time (on all processors) ;
+----------------------+--------------+-------------------------+---------------------+------------------------------------+
; Analysis & Synthesis ; 00:00:10     ; 1.0                     ; 4808 MB             ; 00:00:22                           ;
; Total                ; 00:00:10     ; --                      ; --                  ; 00:00:22                           ;
+----------------------+--------------+-------------------------+---------------------+------------------------------------+


+------------------------------------------------------------------------------------+
; Flow OS Summary                                                                    ;
+----------------------+------------------+------------+------------+----------------+
; Module Name          ; Machine Hostname ; OS Name    ; OS Version ; Processor type ;
+----------------------+------------------+------------+------------+----------------+
; Analysis & Synthesis ; DESKTOP-NKRC9Q4  ; Windows 10 ; 10.0       ; x86_64         ;
+----------------------+------------------+------------+------------+----------------+


------------
; Flow Log ;
------------
quartus_map --read_settings_files=on --write_settings_files=off dragonfang_v3 -c dragonfang_v3



